audio asset hero_b01
video submitted hero_b01
audio asset circle_b03
video submitted circle_b03
audio asset circle_b09
video submitted circle_b09
audio asset circle_b12
video submitted circle_b12
audio asset circle_b15
video submitted circle_b15
audio asset hero_b17
video submitted hero_b17
downloaded hero_b01
downloaded circle_b03
downloaded circle_b09
downloaded circle_b15
downloaded circle_b12
downloaded hero_b17
TECHA CLIPS DONE: 6 / 6
keyed /Users/jarradhenry/Sites/BMH apps/BMH Institute/course-assets/heygen/lessonTECHA/hero_b17_alpha.mov
keyed /Users/jarradhenry/Sites/BMH apps/BMH Institute/course-assets/heygen/lessonTECHA/hero_b01_alpha.mov
keyed /Users/jarradhenry/Sites/BMH apps/BMH Institute/course-assets/heygen/lessonTECHA/circle_b09_alpha.mov
keyed /Users/jarradhenry/Sites/BMH apps/BMH Institute/course-assets/heygen/lessonTECHA/circle_b12_alpha.mov
keyed /Users/jarradhenry/Sites/BMH apps/BMH Institute/course-assets/heygen/lessonTECHA/circle_b15_alpha.mov
keyed /Users/jarradhenry/Sites/BMH apps/BMH Institute/course-assets/heygen/lessonTECHA/circle_b03_alpha.mov
TECHA ALPHA DONE
