audio b01_open 15.2
audio b02_library 25.0
audio b03_distressed 20.0
audio b04_car 22.8
audio b05_why 16.3
audio b06_asis 11.8
audio b07_asis_call 20.3
audio b08_offmarket 14.7
audio b09_sweetspot 14.6
audio b10_mls 23.1
audio b11_onmarket 29.6
audio b12_listed_expired 20.3
audio b13_dom 12.8
audio b14_fsbo 15.7
audio b15_garage_sale 30.2
audio b16_wholesale_re 19.3
audio b17_assignment 19.8
audio b18_double_close 16.3
audio b19_subject_to 16.7
audio b20_seller_fin 19.6
audio b21_recap 33.7
GLOA AUDIO DONE: 21 / 21
