audio asset hero_b01
video submitted hero_b01
audio asset circle_b02
video submitted circle_b02
audio asset hero_b05
video submitted hero_b05
audio asset circle_b07
video submitted circle_b07
audio asset side_b10
video submitted side_b10
audio asset circle_b11
video submitted circle_b11
audio asset side_b15
video submitted side_b15
audio asset circle_b20
video submitted circle_b20
audio asset side_b21
video submitted side_b21
FAILED hero_b01 Insufficient credit. This operation requires 'api' credits.
FAILED circle_b02 Insufficient credit. This operation requires 'api' credits.
downloaded hero_b05
downloaded circle_b07
downloaded side_b10
downloaded circle_b20
downloaded circle_b11
downloaded side_b15
downloaded side_b21
GLOA CLIPS DONE: 7 / 9
